src/components/molecules/Accordion/Accordion.tsx(4,28): error TS2307: Cannot find module '@mui/icons-material/ExpandMore' or its corresponding type declarations.
src/components/molecules/ButtonFileUpload/ButtonFileUpload.tsx(2,32): error TS2307: Cannot find module '@mui/icons-material/UploadOutlined' or its corresponding type declarations.
src/components/organisms/Sidenav/Sidenav.tsx(14,24): error TS2307: Cannot find module '@mui/icons-material/ExpandLess' or its corresponding type declarations.
src/components/organisms/Sidenav/Sidenav.tsx(15,24): error TS2307: Cannot find module '@mui/icons-material/ExpandMore' or its corresponding type declarations.
src/components/pages/Academia/Foros/AdjuntosForos.tsx(1,33): error TS2307: Cannot find module '@mui/icons-material/InsertDriveFile' or its corresponding type declarations.
src/components/pages/Academia/Foros/AdjuntosForos.tsx(2,30): error TS2307: Cannot find module '@mui/icons-material/PictureAsPdf' or its corresponding type declarations.
src/components/pages/Academia/Foros/AdjuntosForos.tsx(3,29): error TS2307: Cannot find module '@mui/icons-material/Description' or its corresponding type declarations.
src/components/pages/Academia/Foros/RespuestaAlumno.tsx(16,37): error TS2307: Cannot find module '@mui/icons-material/StarOutlineOutlined' or its corresponding type declarations.
src/components/pages/Academia/Grupos/GrupoEdit.tsx(7,31): error TS2307: Cannot find module '@mui/icons-material/CloseOutlined' or its corresponding type declarations.
src/components/pages/Academia/Grupos/GrupoEdit.tsx(8,42): error TS2307: Cannot find module '@mui/icons-material/VideoCameraFrontOutlined' or its corresponding type declarations.
src/components/pages/Academia/Grupos/GrupoEdit.tsx(9,35): error TS2307: Cannot find module '@mui/icons-material/PeopleAltOutlined' or its corresponding type declarations.
src/components/pages/Academia/Grupos/GrupoEdit.tsx(10,30): error TS2307: Cannot find module '@mui/icons-material/InfoOutlined' or its corresponding type declarations.
src/components/pages/Academia/Grupos/GrupoEditForm.tsx(7,33): error TS2307: Cannot find module '@mui/icons-material/NoteAltOutlined' or its corresponding type declarations.
src/components/pages/Academia/Grupos/GrupoEstadisticas.tsx(5,35): error TS2307: Cannot find module '@mui/icons-material/ShowChartOutlined' or its corresponding type declarations.
src/components/pages/Academia/Grupos/GrupoEstadisticas.tsx(6,40): error TS2307: Cannot find module '@mui/icons-material/ManageAccountsOutlined' or its corresponding type declarations.
src/components/pages/Academia/Grupos/Grupos.tsx(10,40): error TS2307: Cannot find module '@mui/icons-material/ImportContactsOutlined' or its corresponding type declarations.
src/components/pages/Academia/Grupos/Grupos.tsx(11,32): error TS2307: Cannot find module '@mui/icons-material/SchemaOutlined' or its corresponding type declarations.
src/components/pages/Academia/Grupos/Grupos.tsx(12,40): error TS2307: Cannot find module '@mui/icons-material/ManageAccountsOutlined' or its corresponding type declarations.
src/components/pages/Academia/Grupos/Grupos.tsx(14,35): error TS2307: Cannot find module '@mui/icons-material/MoreHorizOutlined' or its corresponding type declarations.
src/components/pages/Academia/Grupos/Grupos.tsx(16,37): error TS2307: Cannot find module '@mui/icons-material/DynamicFeedOutlined' or its corresponding type declarations.
src/components/pages/Academia/Grupos/GrupoTablaEstudiantes.tsx(16,26): error TS2307: Cannot find module '@mui/icons-material/MoreVert' or its corresponding type declarations.
src/components/pages/Academia/Grupos/GrupoTablaEstudiantes.tsx(17,30): error TS2307: Cannot find module '@mui/icons-material/TuneOutlined' or its corresponding type declarations.
src/components/pages/Academia/Grupos/GrupoTablaEstudiantes.tsx(18,44): error TS2307: Cannot find module '@mui/icons-material/KeyboardArrowRightOutlined' or its corresponding type declarations.
src/components/pages/Academia/Grupos/GrupoTablaEstudiantes.tsx(19,28): error TS2307: Cannot find module '@mui/icons-material/UnfoldMore' or its corresponding type declarations.
src/components/pages/Academia/Grupos/GrupoTutorias.tsx(5,33): error TS2307: Cannot find module '@mui/icons-material/CommentOutlined' or its corresponding type declarations.
src/components/pages/Academia/Grupos/GrupoTutorias.tsx(6,40): error TS2307: Cannot find module '@mui/icons-material/ManageAccountsOutlined' or its corresponding type declarations.
src/components/pages/Academia/Vigencias/Vigencias.tsx(17,40): error TS2307: Cannot find module '@mui/icons-material/ImportContactsOutlined' or its corresponding type declarations.
src/components/pages/Academia/Vigencias/Vigencias.tsx(18,32): error TS2307: Cannot find module '@mui/icons-material/SchemaOutlined' or its corresponding type declarations.
src/components/pages/Academia/Vigencias/Vigencias.tsx(20,40): error TS2307: Cannot find module '@mui/icons-material/ManageAccountsOutlined' or its corresponding type declarations.
src/components/pages/Academia/Vigencias/Vigencias.tsx(21,37): error TS2307: Cannot find module '@mui/icons-material/DynamicFeedOutlined' or its corresponding type declarations.
src/components/pages/Academia/Vigencias/Vigencias.tsx(23,32): error TS2307: Cannot find module '@mui/icons-material/SearchOutlined' or its corresponding type declarations.
src/components/pages/Academia/Vigencias/VigenciasDetalles.tsx(9,40): error TS2307: Cannot find module '@mui/icons-material/ImportContactsOutlined' or its corresponding type declarations.
src/components/pages/Academia/Vigencias/VigenciasDetalles.tsx(10,32): error TS2307: Cannot find module '@mui/icons-material/SchemaOutlined' or its corresponding type declarations.
src/components/pages/Academia/Vigencias/VigenciasDetalles.tsx(11,35): error TS2307: Cannot find module '@mui/icons-material/PeopleAltOutlined' or its corresponding type declarations.
src/components/pages/Academia/Vigencias/VigenciasDetalles.tsx(13,37): error TS2307: Cannot find module '@mui/icons-material/DynamicFeedOutlined' or its corresponding type declarations.
src/components/pages/Academia/Vigencias/VigenciasDetalles.tsx(20,35): error TS2307: Cannot find module '@mui/icons-material/ShowChartOutlined' or its corresponding type declarations.
src/components/pages/Academia/Vigencias/VigenciasDetalles.tsx(21,40): error TS2307: Cannot find module '@mui/icons-material/ManageAccountsOutlined' or its corresponding type declarations.
src/components/pages/Authorization/Login/Login.tsx(12,49): error TS2307: Cannot find module '@mui/icons-material' or its corresponding type declarations.
src/components/pages/Registros/AltaUnica/ActualizarDatos.tsx(13,22): error TS2307: Cannot find module '@mui/icons-material/Tune' or its corresponding type declarations.
src/components/pages/Registros/AltaUnica/BuscarPersona.tsx(12,22): error TS2307: Cannot find module '@mui/icons-material/Tune' or its corresponding type declarations.
src/components/pages/Registros/AltaUnica/DatosContacto.tsx(8,23): error TS2307: Cannot find module '@mui/icons-material/Close' or its corresponding type declarations.
src/components/pages/Registros/AltaUnica/ValidacionDocumentos.tsx(17,36): error TS2307: Cannot find module '@mui/icons-material/VisibilityOutlined' or its corresponding type declarations.
src/components/pages/Registros/HistorialCambios/HistorialCambios.tsx(7,35): error TS2307: Cannot find module '@mui/icons-material/PeopleAltOutlined' or its corresponding type declarations.
src/components/pages/Registros/HistorialCambios/HistorialCambios.tsx(8,35): error TS2307: Cannot find module '@mui/icons-material/ShowChartOutlined' or its corresponding type declarations.
src/components/pages/Registros/HistorialCambios/HistorialCambios.tsx(9,40): error TS2307: Cannot find module '@mui/icons-material/ManageAccountsOutlined' or its corresponding type declarations.
src/components/pages/Registros/HistorialCambios/HistorialCambios.tsx(11,32): error TS2307: Cannot find module '@mui/icons-material/SearchOutlined' or its corresponding type declarations.
src/components/pages/Registros/HistorialCambios/HistorialCambios.tsx(13,35): error TS2307: Cannot find module '@mui/icons-material/MoreHorizOutlined' or its corresponding type declarations.
src/components/pages/Registros/HistorialCambios/HistorialCambios.tsx(22,40): error TS2307: Cannot find module '@mui/icons-material/ImportContactsOutlined' or its corresponding type declarations.
src/components/pages/Registros/HistorialCambios/HistorialCambios.tsx(23,32): error TS2307: Cannot find module '@mui/icons-material/SchemaOutlined' or its corresponding type declarations.
src/components/pages/Registros/HistorialCambios/ResponsableCard.tsx(13,39): error TS2307: Cannot find module '@mui/icons-material/VisibilityOffOutlined' or its corresponding type declarations.
src/components/pages/Registros/HistorialCambios/ResponsableCard.tsx(14,36): error TS2307: Cannot find module '@mui/icons-material/VisibilityOutlined' or its corresponding type declarations.
src/components/pages/Registros/HistorialCambios/ResponsableCard.tsx(15,32): error TS2307: Cannot find module '@mui/icons-material/CommitOutlined' or its corresponding type declarations.
src/utils/Helpers.tsx(5,30): error TS2307: Cannot find module '@mui/icons-material/PictureAsPdf' or its corresponding type declarations.
src/utils/Helpers.tsx(6,23): error TS2307: Cannot find module '@mui/icons-material/Image' or its corresponding type declarations.
src/utils/Helpers.tsx(7,29): error TS2307: Cannot find module '@mui/icons-material/Description' or its corresponding type declarations.
src/utils/Helpers.tsx(8,28): error TS2307: Cannot find module '@mui/icons-material/TableChart' or its corresponding type declarations.
src/utils/Helpers.tsx(9,33): error TS2307: Cannot find module '@mui/icons-material/InsertDriveFile' or its corresponding type declarations.
